// Jest Snapshot v1, https://goo.gl/fbAQLP

exports[`handles locally named import 1`] = `
"import { styled as custom } from '@linaria/react';
const Component = {
  \\"displayName\\": \\"Component\\",
  \\"__linaria\\": {
    \\"className\\": \\"Component_c19dwjzm\\",
    \\"extends\\": null
  }
};"
`;

exports[`hoists exports 1`] = `
"\\"use strict\\";

var _foo = require(\\"./foo\\");

Object.defineProperty(exports, \\"__esModule\\", {
  value: true
});
Object.defineProperty(exports, \\"foo\\", {
  enumerable: true,
  get: function get() {
    return _foo.foo;
  }
});
Object.defineProperty(exports, \\"bar\\", {
  enumerable: true,
  get: function get() {
    return _foo.bar;
  }
});"
`;

exports[`preserves classNames 1`] = `
"import { styled } from '@linaria/react';
const Component = {
  \\"displayName\\": \\"Component\\",
  \\"__linaria\\": {
    \\"className\\": \\"Component_c19dwjzm\\",
    \\"extends\\": null
  }
};"
`;

exports[`replaces class component 1`] = `
"import React from 'react';

function Component() {
  return <></>;
}"
`;

exports[`replaces constant 1`] = `
"import React from 'react';
const tag = <></>;

const Component = props => tag;"
`;

exports[`replaces functional component 1`] = `
"import React from 'react';

const Component = () => {
  return <></>;
};"
`;
